Component: ARM Compiler 5.06 update 2 (build 183) Tool: armlink [4d35b7]

==============================================================================

Section Cross References

    main.o(.text) refers to systick.o(.text) for SysTick_Init_Config
    main.o(.text) refers to led.o(.text) for GPIO_Config
    main.o(.text) refers to usart.o(.text) for USART1_Init_Config
    main.o(.text) refers to timer.o(.text) for Timer2_Init_Config
    main.o(.text) refers to sim900a.o(.text) for Wait_CREG
    main.o(.text) refers to stm32f10x_usart.o(.text) for USART_ReceiveData
    main.o(.text) refers to stm32f10x_tim.o(.text) for TIM_GetITStatus
    main.o(.text) refers to main.o(.data) for Heart_beat
    main.o(.text) refers to main.o(.bss) for Uart2_Buf
    stm32f10x_it.o(.text) refers to systick.o(.text) for SysTickDelayTime_Counter
    usart.o(.text) refers to stm32f10x_rcc.o(.text) for RCC_APB2PeriphClockCmd
    usart.o(.text) refers to stm32f10x_usart.o(.text) for USART_DeInit
    usart.o(.text) refers to stm32f10x_gpio.o(.text) for GPIO_Init
    usart.o(.text) refers to misc.o(.text) for NVIC_Init
    usart.o(.text) refers to memseta.o(.text) for __aeabi_memclr
    usart.o(.text) refers to usart.o(.data) for usart_ucTemp
    usart.o(.text) refers to usart.o(.bss) for usart_ucaRxBuf
    usart.o(.text) refers to main.o(.data) for usart_Tx_data_flag
    key.o(.text) refers to stm32f10x_rcc.o(.text) for RCC_APB2PeriphClockCmd
    key.o(.text) refers to stm32f10x_gpio.o(.text) for GPIO_Init
    key.o(.text) refers to stm32f10x_gpio.o(.text) for GPIO_ReadInputDataBit
    key.o(.text) refers to systick.o(.text) for Delay_nMs
    key.o(.text) refers to stm32f10x_gpio.o(.text) for GPIO_ReadInputData
    key.o(.text) refers to systick.o(.text) for Delay_nMs
    led.o(.text) refers to stm32f10x_gpio.o(.text) for GPIO_ResetBits
    led.o(.text) refers to stm32f10x_rcc.o(.text) for RCC_APB2PeriphClockCmd
    led.o(.text) refers to stm32f10x_gpio.o(.text) for GPIO_SetBits
    led.o(.text) refers to stm32f10x_gpio.o(.text) for GPIO_ResetBits
    led.o(.text) refers to stm32f10x_gpio.o(.text) for GPIO_SetBits
    led.o(.text) refers to stm32f10x_gpio.o(.text) for GPIO_ResetBits
    led.o(.text) refers to stm32f10x_gpio.o(.text) for GPIO_SetBits
    led.o(.text) refers to stm32f10x_gpio.o(.text) for GPIO_ResetBits
    led.o(.text) refers to stm32f10x_gpio.o(.text) for GPIO_SetBits
    systick.o(.text) refers to system_stm32f10x.o(.data) for SystemCoreClock
    systick.o(.text) refers to systick.o(.data) for SysTickDelayTime
    systick.o(.text) refers to systick.o(.data) for SysTickDelayTime
    timer.o(.text) refers to stm32f10x_rcc.o(.text) for RCC_APB1PeriphClockCmd
    timer.o(.text) refers to stm32f10x_tim.o(.text) for TIM_TimeBaseInit
    timer.o(.text) refers to misc.o(.text) for NVIC_Init
    sim900a.o(.text) refers to strstr.o(.text) for strstr
    sim900a.o(.text) refers to stm32f10x_usart.o(.text) for USART_GetFlagStatus
    sim900a.o(.text) refers to usart.o(.text) for UART2_SendString
    sim900a.o(.text) refers to systick.o(.text) for Delay_nMs
    sim900a.o(.text) refers to strcat.o(.text) for strcat
    sim900a.o(.text) refers to memseta.o(.text) for __aeabi_memclr
    sim900a.o(.text) refers to main.o(.bss) for Uart2_Buf
    sim900a.o(.text) refers to main.o(.data) for First_Int
    sim900a.o(.text) refers to sim900a.o(.data) for string
    sim900a.o(.text) refers to usart.o(.bss) for recei_data
    sim900a.o(.data) refers to sim900a.o(.conststring) for .conststring
    stm32f10x_gpio.o(.text) refers to stm32f10x_rcc.o(.text) for RCC_APB2PeriphResetCmd
    stm32f10x_gpio.o(.text) refers to stm32f10x_rcc.o(.text) for RCC_APB2PeriphResetCmd
    stm32f10x_rcc.o(.text) refers to stm32f10x_rcc.o(.text) for RCC_GetFlagStatus
    stm32f10x_rcc.o(.text) refers to stm32f10x_rcc.o(.data) for APBAHBPrescTable
    stm32f10x_tim.o(.text) refers to stm32f10x_rcc.o(.text) for RCC_APB2PeriphResetCmd
    stm32f10x_tim.o(.text) refers to stm32f10x_tim.o(.text) for TI1_Config
    stm32f10x_tim.o(.text) refers to stm32f10x_tim.o(.text) for TIM_SetIC1Prescaler
    stm32f10x_tim.o(.text) refers to stm32f10x_tim.o(.text) for TIM_SetIC2Prescaler
    stm32f10x_tim.o(.text) refers to stm32f10x_tim.o(.text) for TIM_SetIC3Prescaler
    stm32f10x_tim.o(.text) refers to stm32f10x_tim.o(.text) for TIM_SetIC4Prescaler
    stm32f10x_tim.o(.text) refers to stm32f10x_tim.o(.text) for TI1_Config
    stm32f10x_tim.o(.text) refers to stm32f10x_tim.o(.text) for TIM_SetIC1Prescaler
    stm32f10x_tim.o(.text) refers to stm32f10x_tim.o(.text) for TIM_SetIC2Prescaler
    stm32f10x_tim.o(.text) refers to stm32f10x_tim.o(.text) for TIM_SelectInputTrigger
    stm32f10x_tim.o(.text) refers to stm32f10x_tim.o(.text) for TI2_Config
    stm32f10x_tim.o(.text) refers to stm32f10x_tim.o(.text) for TIM_SelectInputTrigger
    stm32f10x_tim.o(.text) refers to stm32f10x_tim.o(.text) for TIM_ETRConfig
    stm32f10x_tim.o(.text) refers to stm32f10x_tim.o(.text) for TIM_ETRConfig
    stm32f10x_usart.o(.text) refers to stm32f10x_rcc.o(.text) for RCC_APB2PeriphResetCmd
    system_stm32f10x.o(.text) refers to system_stm32f10x.o(.data) for SystemCoreClock
    startup_stm32f10x_md.o(RESET) refers to startup_stm32f10x_md.o(STACK) for __initial_sp
    startup_stm32f10x_md.o(RESET) refers to startup_stm32f10x_md.o(.text) for Reset_Handler
    startup_stm32f10x_md.o(RESET) refers to stm32f10x_it.o(.text) for NMI_Handler
    startup_stm32f10x_md.o(RESET) refers to main.o(.text) for TIM2_IRQHandler
    startup_stm32f10x_md.o(RESET) refers to usart.o(.text) for USART1_IRQHandler
    startup_stm32f10x_md.o(.text) refers to system_stm32f10x.o(.text) for SystemInit
    startup_stm32f10x_md.o(.text) refers to entry.o(.ARM.Collect$$$$00000000) for __main
    entry.o(.ARM.Collect$$$$00000000) refers (Special) to entry10a.o(.ARM.Collect$$$$0000000D) for __rt_final_cpp
    entry.o(.ARM.Collect$$$$00000000) refers (Special) to entry11a.o(.ARM.Collect$$$$0000000F) for __rt_final_exit
    entry.o(.ARM.Collect$$$$00000000) refers (Special) to entry7b.o(.ARM.Collect$$$$00000008) for _main_clock
    entry.o(.ARM.Collect$$$$00000000) refers (Special) to entry8b.o(.ARM.Collect$$$$0000000A) for _main_cpp_init
    entry.o(.ARM.Collect$$$$00000000) refers (Special) to entry9a.o(.ARM.Collect$$$$0000000B) for _main_init
    entry.o(.ARM.Collect$$$$00000000) refers (Special) to entry5.o(.ARM.Collect$$$$00000004) for _main_scatterload
    entry.o(.ARM.Collect$$$$00000000) refers (Special) to entry2.o(.ARM.Collect$$$$00000001) for _main_stk
    entry2.o(.ARM.Collect$$$$00000001) refers to entry2.o(.ARM.Collect$$$$00002712) for __lit__00000000
    entry2.o(.ARM.Collect$$$$00002712) refers to startup_stm32f10x_md.o(STACK) for __initial_sp
    entry2.o(__vectab_stack_and_reset_area) refers to startup_stm32f10x_md.o(STACK) for __initial_sp
    entry2.o(__vectab_stack_and_reset_area) refers to entry.o(.ARM.Collect$$$$00000000) for __main
    entry5.o(.ARM.Collect$$$$00000004) refers to init.o(.text) for __scatterload
    entry9a.o(.ARM.Collect$$$$0000000B) refers to main.o(.text) for main
    entry9b.o(.ARM.Collect$$$$0000000C) refers to main.o(.text) for main
    init.o(.text) refers to entry5.o(.ARM.Collect$$$$00000004) for __main_after_scatterload


==============================================================================

Removing Unused input sections from the image.

    Removing key.o(.text), (44 bytes).
    Removing key.o(.text), (58 bytes).
    Removing key.o(.text), (76 bytes).
    Removing led.o(.text), (16 bytes).
    Removing led.o(.text), (16 bytes).
    Removing led.o(.text), (16 bytes).
    Removing led.o(.text), (16 bytes).
    Removing led.o(.text), (16 bytes).
    Removing led.o(.text), (16 bytes).
    Removing led.o(.text), (20 bytes).
    Removing systick.o(.text), (44 bytes).
    Removing misc.o(.text), (20 bytes).
    Removing misc.o(.text), (20 bytes).
    Removing misc.o(.text), (32 bytes).
    Removing misc.o(.text), (40 bytes).
    Removing stm32f10x_exti.o(.text), (36 bytes).
    Removing stm32f10x_exti.o(.text), (148 bytes).
    Removing stm32f10x_exti.o(.text), (16 bytes).
    Removing stm32f10x_exti.o(.text), (16 bytes).
    Removing stm32f10x_exti.o(.text), (24 bytes).
    Removing stm32f10x_exti.o(.text), (12 bytes).
    Removing stm32f10x_exti.o(.text), (40 bytes).
    Removing stm32f10x_exti.o(.text), (12 bytes).
    Removing stm32f10x_gpio.o(.text), (200 bytes).
    Removing stm32f10x_gpio.o(.text), (20 bytes).
    Removing stm32f10x_gpio.o(.text), (16 bytes).
    Removing stm32f10x_gpio.o(.text), (18 bytes).
    Removing stm32f10x_gpio.o(.text), (8 bytes).
    Removing stm32f10x_gpio.o(.text), (18 bytes).
    Removing stm32f10x_gpio.o(.text), (8 bytes).
    Removing stm32f10x_gpio.o(.text), (10 bytes).
    Removing stm32f10x_gpio.o(.text), (4 bytes).
    Removing stm32f10x_gpio.o(.text), (18 bytes).
    Removing stm32f10x_gpio.o(.text), (32 bytes).
    Removing stm32f10x_gpio.o(.text), (12 bytes).
    Removing stm32f10x_gpio.o(.text), (144 bytes).
    Removing stm32f10x_gpio.o(.text), (64 bytes).
    Removing stm32f10x_gpio.o(.text), (12 bytes).
    Removing stm32f10x_rcc.o(.text), (76 bytes).
    Removing stm32f10x_rcc.o(.text), (76 bytes).
    Removing stm32f10x_rcc.o(.text), (60 bytes).
    Removing stm32f10x_rcc.o(.text), (56 bytes).
    Removing stm32f10x_rcc.o(.text), (24 bytes).
    Removing stm32f10x_rcc.o(.text), (12 bytes).
    Removing stm32f10x_rcc.o(.text), (28 bytes).
    Removing stm32f10x_rcc.o(.text), (12 bytes).
    Removing stm32f10x_rcc.o(.text), (24 bytes).
    Removing stm32f10x_rcc.o(.text), (16 bytes).
    Removing stm32f10x_rcc.o(.text), (24 bytes).
    Removing stm32f10x_rcc.o(.text), (24 bytes).
    Removing stm32f10x_rcc.o(.text), (24 bytes).
    Removing stm32f10x_rcc.o(.text), (32 bytes).
    Removing stm32f10x_rcc.o(.text), (12 bytes).
    Removing stm32f10x_rcc.o(.text), (24 bytes).
    Removing stm32f10x_rcc.o(.text), (52 bytes).
    Removing stm32f10x_rcc.o(.text), (12 bytes).
    Removing stm32f10x_rcc.o(.text), (16 bytes).
    Removing stm32f10x_rcc.o(.text), (12 bytes).
    Removing stm32f10x_rcc.o(.text), (32 bytes).
    Removing stm32f10x_rcc.o(.text), (12 bytes).
    Removing stm32f10x_rcc.o(.text), (12 bytes).
    Removing stm32f10x_rcc.o(.text), (12 bytes).
    Removing stm32f10x_rcc.o(.text), (20 bytes).
    Removing stm32f10x_rcc.o(.text), (24 bytes).
    Removing stm32f10x_rcc.o(.text), (12 bytes).
    Removing stm32f10x_tim.o(.text), (488 bytes).
    Removing stm32f10x_tim.o(.text), (152 bytes).
    Removing stm32f10x_tim.o(.text), (164 bytes).
    Removing stm32f10x_tim.o(.text), (160 bytes).
    Removing stm32f10x_tim.o(.text), (124 bytes).
    Removing stm32f10x_tim.o(.text), (26 bytes).
    Removing stm32f10x_tim.o(.text), (18 bytes).
    Removing stm32f10x_tim.o(.text), (26 bytes).
    Removing stm32f10x_tim.o(.text), (18 bytes).
    Removing stm32f10x_tim.o(.text), (172 bytes).
    Removing stm32f10x_tim.o(.text), (124 bytes).
    Removing stm32f10x_tim.o(.text), (32 bytes).
    Removing stm32f10x_tim.o(.text), (18 bytes).
    Removing stm32f10x_tim.o(.text), (20 bytes).
    Removing stm32f10x_tim.o(.text), (18 bytes).
    Removing stm32f10x_tim.o(.text), (18 bytes).
    Removing stm32f10x_tim.o(.text), (30 bytes).
    Removing stm32f10x_tim.o(.text), (4 bytes).
    Removing stm32f10x_tim.o(.text), (10 bytes).
    Removing stm32f10x_tim.o(.text), (18 bytes).
    Removing stm32f10x_tim.o(.text), (12 bytes).
    Removing stm32f10x_tim.o(.text), (18 bytes).
    Removing stm32f10x_tim.o(.text), (24 bytes).
    Removing stm32f10x_tim.o(.text), (62 bytes).
    Removing stm32f10x_tim.o(.text), (28 bytes).
    Removing stm32f10x_tim.o(.text), (54 bytes).
    Removing stm32f10x_tim.o(.text), (32 bytes).
    Removing stm32f10x_tim.o(.text), (6 bytes).
    Removing stm32f10x_tim.o(.text), (18 bytes).
    Removing stm32f10x_tim.o(.text), (66 bytes).
    Removing stm32f10x_tim.o(.text), (18 bytes).
    Removing stm32f10x_tim.o(.text), (26 bytes).
    Removing stm32f10x_tim.o(.text), (18 bytes).
    Removing stm32f10x_tim.o(.text), (26 bytes).
    Removing stm32f10x_tim.o(.text), (24 bytes).
    Removing stm32f10x_tim.o(.text), (24 bytes).
    Removing stm32f10x_tim.o(.text), (24 bytes).
    Removing stm32f10x_tim.o(.text), (24 bytes).
    Removing stm32f10x_tim.o(.text), (18 bytes).
    Removing stm32f10x_tim.o(.text), (26 bytes).
    Removing stm32f10x_tim.o(.text), (18 bytes).
    Removing stm32f10x_tim.o(.text), (26 bytes).
    Removing stm32f10x_tim.o(.text), (18 bytes).
    Removing stm32f10x_tim.o(.text), (26 bytes).
    Removing stm32f10x_tim.o(.text), (18 bytes).
    Removing stm32f10x_tim.o(.text), (26 bytes).
    Removing stm32f10x_tim.o(.text), (18 bytes).
    Removing stm32f10x_tim.o(.text), (24 bytes).
    Removing stm32f10x_tim.o(.text), (18 bytes).
    Removing stm32f10x_tim.o(.text), (24 bytes).
    Removing stm32f10x_tim.o(.text), (18 bytes).
    Removing stm32f10x_tim.o(.text), (18 bytes).
    Removing stm32f10x_tim.o(.text), (26 bytes).
    Removing stm32f10x_tim.o(.text), (26 bytes).
    Removing stm32f10x_tim.o(.text), (26 bytes).
    Removing stm32f10x_tim.o(.text), (26 bytes).
    Removing stm32f10x_tim.o(.text), (26 bytes).
    Removing stm32f10x_tim.o(.text), (30 bytes).
    Removing stm32f10x_tim.o(.text), (30 bytes).
    Removing stm32f10x_tim.o(.text), (82 bytes).
    Removing stm32f10x_tim.o(.text), (24 bytes).
    Removing stm32f10x_tim.o(.text), (24 bytes).
    Removing stm32f10x_tim.o(.text), (24 bytes).
    Removing stm32f10x_tim.o(.text), (18 bytes).
    Removing stm32f10x_tim.o(.text), (18 bytes).
    Removing stm32f10x_tim.o(.text), (18 bytes).
    Removing stm32f10x_tim.o(.text), (18 bytes).
    Removing stm32f10x_tim.o(.text), (4 bytes).
    Removing stm32f10x_tim.o(.text), (4 bytes).
    Removing stm32f10x_tim.o(.text), (4 bytes).
    Removing stm32f10x_tim.o(.text), (4 bytes).
    Removing stm32f10x_tim.o(.text), (4 bytes).
    Removing stm32f10x_tim.o(.text), (6 bytes).
    Removing stm32f10x_tim.o(.text), (18 bytes).
    Removing stm32f10x_tim.o(.text), (6 bytes).
    Removing stm32f10x_tim.o(.text), (6 bytes).
    Removing stm32f10x_tim.o(.text), (6 bytes).
    Removing stm32f10x_tim.o(.text), (8 bytes).
    Removing stm32f10x_tim.o(.text), (6 bytes).
    Removing stm32f10x_tim.o(.text), (6 bytes).
    Removing stm32f10x_tim.o(.text), (18 bytes).
    Removing stm32f10x_tim.o(.text), (6 bytes).
    Removing stm32f10x_usart.o(.text), (24 bytes).
    Removing stm32f10x_usart.o(.text), (34 bytes).
    Removing stm32f10x_usart.o(.text), (12 bytes).
    Removing stm32f10x_usart.o(.text), (18 bytes).
    Removing stm32f10x_usart.o(.text), (18 bytes).
    Removing stm32f10x_usart.o(.text), (18 bytes).
    Removing stm32f10x_usart.o(.text), (24 bytes).
    Removing stm32f10x_usart.o(.text), (18 bytes).
    Removing stm32f10x_usart.o(.text), (24 bytes).
    Removing stm32f10x_usart.o(.text), (10 bytes).
    Removing stm32f10x_usart.o(.text), (16 bytes).
    Removing stm32f10x_usart.o(.text), (16 bytes).
    Removing stm32f10x_usart.o(.text), (24 bytes).
    Removing stm32f10x_usart.o(.text), (24 bytes).
    Removing stm32f10x_usart.o(.text), (24 bytes).
    Removing stm32f10x_usart.o(.text), (22 bytes).
    Removing stm32f10x_usart.o(.text), (24 bytes).
    Removing stm32f10x_usart.o(.text), (18 bytes).
    Removing stm32f10x_usart.o(.text), (24 bytes).
    Removing stm32f10x_usart.o(.text), (30 bytes).
    Removing core_cm3.o(.emb_text), (32 bytes).
    Removing system_stm32f10x.o(.text), (164 bytes).
    Removing startup_stm32f10x_md.o(HEAP), (512 bytes).

170 unused section(s) (total 6170 bytes) removed from the image.

==============================================================================

Image Symbol Table

    Local Symbols

    Symbol Name                              Value     Ov Type        Size  Object(Section)

    ../clib/microlib/init/entry.s            0x00000000   Number         0  entry5.o ABSOLUTE
    ../clib/microlib/init/entry.s            0x00000000   Number         0  entry2.o ABSOLUTE
    ../clib/microlib/init/entry.s            0x00000000   Number         0  entry.o ABSOLUTE
    ../clib/microlib/init/entry.s            0x00000000   Number         0  entry10a.o ABSOLUTE
    ../clib/microlib/init/entry.s            0x00000000   Number         0  entry11b.o ABSOLUTE
    ../clib/microlib/init/entry.s            0x00000000   Number         0  entry11a.o ABSOLUTE
    ../clib/microlib/init/entry.s            0x00000000   Number         0  entry10b.o ABSOLUTE
    ../clib/microlib/init/entry.s            0x00000000   Number         0  entry9b.o ABSOLUTE
    ../clib/microlib/init/entry.s            0x00000000   Number         0  entry9a.o ABSOLUTE
    ../clib/microlib/init/entry.s            0x00000000   Number         0  entry8b.o ABSOLUTE
    ../clib/microlib/init/entry.s            0x00000000   Number         0  entry8a.o ABSOLUTE
    ../clib/microlib/init/entry.s            0x00000000   Number         0  entry7b.o ABSOLUTE
    ../clib/microlib/init/entry.s            0x00000000   Number         0  entry7a.o ABSOLUTE
    ../clib/microlib/string/memset.c         0x00000000   Number         0  memseta.o ABSOLUTE
    ../clib/microlib/string/strcat.c         0x00000000   Number         0  strcat.o ABSOLUTE
    ../clib/microlib/string/strstr.c         0x00000000   Number         0  strstr.o ABSOLUTE
    ..\BSP\Key\key.c                         0x00000000   Number         0  key.o ABSOLUTE
    ..\BSP\LED\Led.c                         0x00000000   Number         0  led.o ABSOLUTE
    ..\BSP\SIM9000A\sim900a.c                0x00000000   Number         0  sim900a.o ABSOLUTE
    ..\BSP\SysTick\SysTick.c                 0x00000000   Number         0  systick.o ABSOLUTE
    ..\BSP\TIMER\timer.c                     0x00000000   Number         0  timer.o ABSOLUTE
    ..\BSP\USART\usart.c                     0x00000000   Number         0  usart.o ABSOLUTE
    ..\CMSIS\core_cm3.c                      0x00000000   Number         0  core_cm3.o ABSOLUTE
    ..\CMSIS\startup\arm\startup_stm32f10x_md.s 0x00000000   Number         0  startup_stm32f10x_md.o ABSOLUTE
    ..\CMSIS\system_stm32f10x.c              0x00000000   Number         0  system_stm32f10x.o ABSOLUTE
    ..\LIB\src\misc.c                        0x00000000   Number         0  misc.o ABSOLUTE
    ..\LIB\src\stm32f10x_exti.c              0x00000000   Number         0  stm32f10x_exti.o ABSOLUTE
    ..\LIB\src\stm32f10x_gpio.c              0x00000000   Number         0  stm32f10x_gpio.o ABSOLUTE
    ..\LIB\src\stm32f10x_rcc.c               0x00000000   Number         0  stm32f10x_rcc.o ABSOLUTE
    ..\LIB\src\stm32f10x_tim.c               0x00000000   Number         0  stm32f10x_tim.o ABSOLUTE
    ..\LIB\src\stm32f10x_usart.c             0x00000000   Number         0  stm32f10x_usart.o ABSOLUTE
    ..\\CMSIS\\core_cm3.c                    0x00000000   Number         0  core_cm3.o ABSOLUTE
    dc.s                                     0x00000000   Number         0  dc.o ABSOLUTE
    handlers.s                               0x00000000   Number         0  handlers.o ABSOLUTE
    init.s                                   0x00000000   Number         0  init.o ABSOLUTE
    main.c                                   0x00000000   Number         0  main.o ABSOLUTE
    stm32f10x_it.c                           0x00000000   Number         0  stm32f10x_it.o ABSOLUTE
    RESET                                    0x08000000   Section      236  startup_stm32f10x_md.o(RESET)
    .ARM.Collect$$$$00000000                 0x080000ec   Section        0  entry.o(.ARM.Collect$$$$00000000)
    .ARM.Collect$$$$00000001                 0x080000ec   Section        4  entry2.o(.ARM.Collect$$$$00000001)
    .ARM.Collect$$$$00000004                 0x080000f0   Section        4  entry5.o(.ARM.Collect$$$$00000004)
    .ARM.Collect$$$$00000008                 0x080000f4   Section        0  entry7b.o(.ARM.Collect$$$$00000008)
    .ARM.Collect$$$$0000000A                 0x080000f4   Section        0  entry8b.o(.ARM.Collect$$$$0000000A)
    .ARM.Collect$$$$0000000B                 0x080000f4   Section        8  entry9a.o(.ARM.Collect$$$$0000000B)
    .ARM.Collect$$$$0000000D                 0x080000fc   Section        0  entry10a.o(.ARM.Collect$$$$0000000D)
    .ARM.Collect$$$$0000000F                 0x080000fc   Section        0  entry11a.o(.ARM.Collect$$$$0000000F)
    .ARM.Collect$$$$00002712                 0x080000fc   Section        4  entry2.o(.ARM.Collect$$$$00002712)
    __lit__00000000                          0x080000fc   Data           4  entry2.o(.ARM.Collect$$$$00002712)
    .text                                    0x08000100   Section        0  main.o(.text)
    .text                                    0x080002b0   Section        0  stm32f10x_it.o(.text)
    .text                                    0x080002d0   Section        0  usart.o(.text)
    .text                                    0x08000580   Section        0  led.o(.text)
    .text                                    0x080005dc   Section        0  systick.o(.text)
    .text                                    0x0800068c   Section        0  timer.o(.text)
    .text                                    0x080006e8   Section        0  sim900a.o(.text)
    .text                                    0x080009e0   Section        0  misc.o(.text)
    .text                                    0x08000a50   Section        0  stm32f10x_gpio.o(.text)
    .text                                    0x08000b70   Section        0  stm32f10x_rcc.o(.text)
    .text                                    0x08000cac   Section        0  stm32f10x_tim.o(.text)
    TI4_Config                               0x08000d27   Thumb Code   130  stm32f10x_tim.o(.text)
    TI3_Config                               0x08000da9   Thumb Code   122  stm32f10x_tim.o(.text)
    TI2_Config                               0x08000e23   Thumb Code   130  stm32f10x_tim.o(.text)
    TI1_Config                               0x08000ea5   Thumb Code   108  stm32f10x_tim.o(.text)
    .text                                    0x08000f8c   Section        0  stm32f10x_usart.o(.text)
    .text                                    0x080011ec   Section        0  system_stm32f10x.o(.text)
    SetSysClockTo72                          0x080011ed   Thumb Code   214  system_stm32f10x.o(.text)
    SetSysClock                              0x080012c3   Thumb Code     8  system_stm32f10x.o(.text)
    .text                                    0x0800132c   Section       36  startup_stm32f10x_md.o(.text)
    .text                                    0x08001350   Section        0  memseta.o(.text)
    .text                                    0x08001374   Section        0  strcat.o(.text)
    .text                                    0x0800138c   Section        0  strstr.o(.text)
    .text                                    0x080013b0   Section       36  init.o(.text)
    i.__scatterload_copy                     0x080013d4   Section       14  handlers.o(i.__scatterload_copy)
    i.__scatterload_null                     0x080013e2   Section        2  handlers.o(i.__scatterload_null)
    i.__scatterload_zeroinit                 0x080013e4   Section       14  handlers.o(i.__scatterload_zeroinit)
    .conststring                             0x080013f4   Section       36  sim900a.o(.conststring)
    .data                                    0x20000000   Section       12  main.o(.data)
    flag                                     0x2000000b   Data           1  main.o(.data)
    .data                                    0x2000000c   Section       16  usart.o(.data)
    .data                                    0x2000001c   Section        4  systick.o(.data)
    SysTickDelayTime                         0x2000001c   Data           4  systick.o(.data)
    .data                                    0x20000020   Section        4  sim900a.o(.data)
    .data                                    0x20000024   Section       20  stm32f10x_rcc.o(.data)
    APBAHBPrescTable                         0x20000024   Data          16  stm32f10x_rcc.o(.data)
    ADCPrescTable                            0x20000034   Data           4  stm32f10x_rcc.o(.data)
    .data                                    0x20000038   Section       20  system_stm32f10x.o(.data)
    .bss                                     0x2000004c   Section      200  main.o(.bss)
    .bss                                     0x20000114   Section      711  usart.o(.bss)
    STACK                                    0x200003e0   Section     1024  startup_stm32f10x_md.o(STACK)

    Global Symbols

    Symbol Name                              Value     Ov Type        Size  Object(Section)

    BuildAttributes$$THM_ISAv4$P$D$K$B$S$PE$A:L22UL41UL21$X:L11$S22US41US21$IEEE1$IW$USESV6$~STKCKD$USESV7$~SHL$OSPACE$EBA8$MICROLIB$REQ8$PRES8$EABIv2 0x00000000   Number         0  anon$$obj.o ABSOLUTE
    __ARM_use_no_argv                        0x00000000   Number         0  main.o ABSOLUTE
    __cpp_initialize__aeabi_                  - Undefined Weak Reference
    __cxa_finalize                            - Undefined Weak Reference
    __decompress                              - Undefined Weak Reference
    _clock_init                               - Undefined Weak Reference
    _microlib_exit                            - Undefined Weak Reference
    __Vectors_Size                           0x000000ec   Number         0  startup_stm32f10x_md.o ABSOLUTE
    __Vectors                                0x08000000   Data           4  startup_stm32f10x_md.o(RESET)
    __Vectors_End                            0x080000ec   Data           0  startup_stm32f10x_md.o(RESET)
    __main                                   0x080000ed   Thumb Code     0  entry.o(.ARM.Collect$$$$00000000)
    _main_stk                                0x080000ed   Thumb Code     0  entry2.o(.ARM.Collect$$$$00000001)
    _main_scatterload                        0x080000f1   Thumb Code     0  entry5.o(.ARM.Collect$$$$00000004)
    __main_after_scatterload                 0x080000f5   Thumb Code     0  entry5.o(.ARM.Collect$$$$00000004)
    _main_clock                              0x080000f5   Thumb Code     0  entry7b.o(.ARM.Collect$$$$00000008)
    _main_cpp_init                           0x080000f5   Thumb Code     0  entry8b.o(.ARM.Collect$$$$0000000A)
    _main_init                               0x080000f5   Thumb Code     0  entry9a.o(.ARM.Collect$$$$0000000B)
    __rt_final_cpp                           0x080000fd   Thumb Code     0  entry10a.o(.ARM.Collect$$$$0000000D)
    __rt_final_exit                          0x080000fd   Thumb Code     0  entry11a.o(.ARM.Collect$$$$0000000F)
    main                                     0x08000101   Thumb Code   114  main.o(.text)
    USART2_IRQHandler                        0x08000173   Thumb Code    44  main.o(.text)
    TIM2_IRQHandler                          0x0800019f   Thumb Code   118  main.o(.text)
    NMI_Handler                              0x080002b1   Thumb Code     2  stm32f10x_it.o(.text)
    HardFault_Handler                        0x080002b3   Thumb Code     4  stm32f10x_it.o(.text)
    MemManage_Handler                        0x080002b7   Thumb Code     4  stm32f10x_it.o(.text)
    BusFault_Handler                         0x080002bb   Thumb Code     4  stm32f10x_it.o(.text)
    UsageFault_Handler                       0x080002bf   Thumb Code     4  stm32f10x_it.o(.text)
    SVC_Handler                              0x080002c3   Thumb Code     2  stm32f10x_it.o(.text)
    DebugMon_Handler                         0x080002c5   Thumb Code     2  stm32f10x_it.o(.text)
    PendSV_Handler                           0x080002c7   Thumb Code     2  stm32f10x_it.o(.text)
    SysTick_Handler                          0x080002c9   Thumb Code     8  stm32f10x_it.o(.text)
    USART1_Init_Config                       0x080002d1   Thumb Code   166  usart.o(.text)
    UART1_SendString                         0x08000377   Thumb Code    38  usart.o(.text)
    USART1_IRQHandler                        0x0800039d   Thumb Code   230  usart.o(.text)
    USART2_Init_Config                       0x08000483   Thumb Code   170  usart.o(.text)
    UART2_SendString                         0x0800052d   Thumb Code    38  usart.o(.text)
    LED_ALL_OFF                              0x08000581   Thumb Code    14  led.o(.text)
    GPIO_Config                              0x0800058f   Thumb Code    44  led.o(.text)
    LED4_ON                                  0x080005bb   Thumb Code    14  led.o(.text)
    LED4_OFF                                 0x080005c9   Thumb Code    14  led.o(.text)
    SysTick_Init_Config                      0x080005dd   Thumb Code   108  systick.o(.text)
    Delay_nMs                                0x08000649   Thumb Code    32  systick.o(.text)
    SysTickDelayTime_Counter                 0x08000669   Thumb Code    18  systick.o(.text)
    Timer2_Init_Config                       0x0800068d   Thumb Code    92  timer.o(.text)
    CLR_Buf2                                 0x080006e9   Thumb Code    26  sim900a.o(.text)
    Find                                     0x08000703   Thumb Code    22  sim900a.o(.text)
    Second_AT_Command                        0x08000719   Thumb Code   112  sim900a.o(.text)
    Wait_CREG                                0x08000789   Thumb Code    96  sim900a.o(.text)
    Set_ATE0                                 0x080007e9   Thumb Code    14  sim900a.o(.text)
    Connect_Server                           0x080007f7   Thumb Code    98  sim900a.o(.text)
    Rec_Server_Data                          0x08000859   Thumb Code    70  sim900a.o(.text)
    Send_OK                                  0x0800089f   Thumb Code    40  sim900a.o(.text)
    NVIC_Init                                0x080009e1   Thumb Code   100  misc.o(.text)
    GPIO_Init                                0x08000a51   Thumb Code   278  stm32f10x_gpio.o(.text)
    GPIO_SetBits                             0x08000b67   Thumb Code     4  stm32f10x_gpio.o(.text)
    GPIO_ResetBits                           0x08000b6b   Thumb Code     4  stm32f10x_gpio.o(.text)
    RCC_GetClocksFreq                        0x08000b71   Thumb Code   192  stm32f10x_rcc.o(.text)
    RCC_APB2PeriphClockCmd                   0x08000c31   Thumb Code    26  stm32f10x_rcc.o(.text)
    RCC_APB1PeriphClockCmd                   0x08000c4b   Thumb Code    26  stm32f10x_rcc.o(.text)
    RCC_APB2PeriphResetCmd                   0x08000c65   Thumb Code    26  stm32f10x_rcc.o(.text)
    RCC_APB1PeriphResetCmd                   0x08000c7f   Thumb Code    26  stm32f10x_rcc.o(.text)
    TIM_TimeBaseInit                         0x08000cad   Thumb Code   122  stm32f10x_tim.o(.text)
    TIM_Cmd                                  0x08000f11   Thumb Code    24  stm32f10x_tim.o(.text)
    TIM_ITConfig                             0x08000f29   Thumb Code    18  stm32f10x_tim.o(.text)
    TIM_GetITStatus                          0x08000f3b   Thumb Code    34  stm32f10x_tim.o(.text)
    TIM_ClearITPendingBit                    0x08000f5d   Thumb Code     6  stm32f10x_tim.o(.text)
    USART_DeInit                             0x08000f8d   Thumb Code   134  stm32f10x_usart.o(.text)
    USART_Init                               0x08001013   Thumb Code   210  stm32f10x_usart.o(.text)
    USART_Cmd                                0x080010e5   Thumb Code    24  stm32f10x_usart.o(.text)
    USART_ITConfig                           0x080010fd   Thumb Code    74  stm32f10x_usart.o(.text)
    USART_SendData                           0x08001147   Thumb Code     8  stm32f10x_usart.o(.text)
    USART_ReceiveData                        0x0800114f   Thumb Code    10  stm32f10x_usart.o(.text)
    USART_GetFlagStatus                      0x08001159   Thumb Code    26  stm32f10x_usart.o(.text)
    USART_ClearFlag                          0x08001173   Thumb Code    18  stm32f10x_usart.o(.text)
    USART_GetITStatus                        0x08001185   Thumb Code    84  stm32f10x_usart.o(.text)
    SystemInit                               0x080012cb   Thumb Code    78  system_stm32f10x.o(.text)
    Reset_Handler                            0x0800132d   Thumb Code     8  startup_stm32f10x_md.o(.text)
    ADC1_2_IRQHandler                        0x08001347   Thumb Code     0  startup_stm32f10x_md.o(.text)
    CAN1_RX1_IRQHandler                      0x08001347   Thumb Code     0  startup_stm32f10x_md.o(.text)
    CAN1_SCE_IRQHandler                      0x08001347   Thumb Code     0  startup_stm32f10x_md.o(.text)
    DMA1_Channel1_IRQHandler                 0x08001347   Thumb Code     0  startup_stm32f10x_md.o(.text)
    DMA1_Channel2_IRQHandler                 0x08001347   Thumb Code     0  startup_stm32f10x_md.o(.text)
    DMA1_Channel3_IRQHandler                 0x08001347   Thumb Code     0  startup_stm32f10x_md.o(.text)
    DMA1_Channel4_IRQHandler                 0x08001347   Thumb Code     0  startup_stm32f10x_md.o(.text)
    DMA1_Channel5_IRQHandler                 0x08001347   Thumb Code     0  startup_stm32f10x_md.o(.text)
    DMA1_Channel6_IRQHandler                 0x08001347   Thumb Code     0  startup_stm32f10x_md.o(.text)
    DMA1_Channel7_IRQHandler                 0x08001347   Thumb Code     0  startup_stm32f10x_md.o(.text)
    EXTI0_IRQHandler                         0x08001347   Thumb Code     0  startup_stm32f10x_md.o(.text)
    EXTI15_10_IRQHandler                     0x08001347   Thumb Code     0  startup_stm32f10x_md.o(.text)
    EXTI1_IRQHandler                         0x08001347   Thumb Code     0  startup_stm32f10x_md.o(.text)
    EXTI2_IRQHandler                         0x08001347   Thumb Code     0  startup_stm32f10x_md.o(.text)
    EXTI3_IRQHandler                         0x08001347   Thumb Code     0  startup_stm32f10x_md.o(.text)
    EXTI4_IRQHandler                         0x08001347   Thumb Code     0  startup_stm32f10x_md.o(.text)
    EXTI9_5_IRQHandler                       0x08001347   Thumb Code     0  startup_stm32f10x_md.o(.text)
    FLASH_IRQHandler                         0x08001347   Thumb Code     0  startup_stm32f10x_md.o(.text)
    I2C1_ER_IRQHandler                       0x08001347   Thumb Code     0  startup_stm32f10x_md.o(.text)
    I2C1_EV_IRQHandler                       0x08001347   Thumb Code     0  startup_stm32f10x_md.o(.text)
    I2C2_ER_IRQHandler                       0x08001347   Thumb Code     0  startup_stm32f10x_md.o(.text)
    I2C2_EV_IRQHandler                       0x08001347   Thumb Code     0  startup_stm32f10x_md.o(.text)
    PVD_IRQHandler                           0x08001347   Thumb Code     0  startup_stm32f10x_md.o(.text)
    RCC_IRQHandler                           0x08001347   Thumb Code     0  startup_stm32f10x_md.o(.text)
    RTCAlarm_IRQHandler                      0x08001347   Thumb Code     0  startup_stm32f10x_md.o(.text)
    RTC_IRQHandler                           0x08001347   Thumb Code     0  startup_stm32f10x_md.o(.text)
    SPI1_IRQHandler                          0x08001347   Thumb Code     0  startup_stm32f10x_md.o(.text)
    SPI2_IRQHandler                          0x08001347   Thumb Code     0  startup_stm32f10x_md.o(.text)
    TAMPER_IRQHandler                        0x08001347   Thumb Code     0  startup_stm32f10x_md.o(.text)
    TIM1_BRK_IRQHandler                      0x08001347   Thumb Code     0  startup_stm32f10x_md.o(.text)
    TIM1_CC_IRQHandler                       0x08001347   Thumb Code     0  startup_stm32f10x_md.o(.text)
    TIM1_TRG_COM_IRQHandler                  0x08001347   Thumb Code     0  startup_stm32f10x_md.o(.text)
    TIM1_UP_IRQHandler                       0x08001347   Thumb Code     0  startup_stm32f10x_md.o(.text)
    TIM3_IRQHandler                          0x08001347   Thumb Code     0  startup_stm32f10x_md.o(.text)
    TIM4_IRQHandler                          0x08001347   Thumb Code     0  startup_stm32f10x_md.o(.text)
    USART3_IRQHandler                        0x08001347   Thumb Code     0  startup_stm32f10x_md.o(.text)
    USBWakeUp_IRQHandler                     0x08001347   Thumb Code     0  startup_stm32f10x_md.o(.text)
    USB_HP_CAN1_TX_IRQHandler                0x08001347   Thumb Code     0  startup_stm32f10x_md.o(.text)
    USB_LP_CAN1_RX0_IRQHandler               0x08001347   Thumb Code     0  startup_stm32f10x_md.o(.text)
    WWDG_IRQHandler                          0x08001347   Thumb Code     0  startup_stm32f10x_md.o(.text)
    __aeabi_memset                           0x08001351   Thumb Code    14  memseta.o(.text)
    __aeabi_memset4                          0x08001351   Thumb Code     0  memseta.o(.text)
    __aeabi_memset8                          0x08001351   Thumb Code     0  memseta.o(.text)
    __aeabi_memclr                           0x0800135f   Thumb Code     4  memseta.o(.text)
    __aeabi_memclr4                          0x0800135f   Thumb Code     0  memseta.o(.text)
    __aeabi_memclr8                          0x0800135f   Thumb Code     0  memseta.o(.text)
    _memset$wrapper                          0x08001363   Thumb Code    18  memseta.o(.text)
    strcat                                   0x08001375   Thumb Code    24  strcat.o(.text)
    strstr                                   0x0800138d   Thumb Code    36  strstr.o(.text)
    __scatterload                            0x080013b1   Thumb Code    28  init.o(.text)
    __scatterload_rt2                        0x080013b1   Thumb Code     0  init.o(.text)
    __scatterload_copy                       0x080013d5   Thumb Code    14  handlers.o(i.__scatterload_copy)
    __scatterload_null                       0x080013e3   Thumb Code     2  handlers.o(i.__scatterload_null)
    __scatterload_zeroinit                   0x080013e5   Thumb Code    14  handlers.o(i.__scatterload_zeroinit)
    Region$$Table$$Base                      0x08001418   Number         0  anon$$obj.o(Region$$Table)
    Region$$Table$$Limit                     0x08001438   Number         0  anon$$obj.o(Region$$Table)
    Times                                    0x20000000   Data           1  main.o(.data)
    First_Int                                0x20000001   Data           1  main.o(.data)
    shijian                                  0x20000002   Data           1  main.o(.data)
    Heartbeat                                0x20000004   Data           2  main.o(.data)
    Timer0_start                             0x20000006   Data           1  main.o(.data)
    Uart2_Start                              0x20000007   Data           1  main.o(.data)
    Uart2_End                                0x20000008   Data           1  main.o(.data)
    Heart_beat                               0x20000009   Data           1  main.o(.data)
    usart_Tx_data_flag                       0x2000000a   Data           1  main.o(.data)
    Usart1_R_State                           0x2000000c   Data           1  usart.o(.data)
    Usart1_R_Count                           0x2000000e   Data           2  usart.o(.data)
    usart_Rx_data_flag                       0x20000010   Data           1  usart.o(.data)
    usart_Rx_control_flag                    0x20000011   Data           1  usart.o(.data)
    usart_ucTemp                             0x20000012   Data           1  usart.o(.data)
    usart_usRxCount                          0x20000014   Data           2  usart.o(.data)
    usart_compare                            0x20000016   Data           2  usart.o(.data)
    usart_compare2                           0x20000018   Data           4  usart.o(.data)
    string                                   0x20000020   Data           4  sim900a.o(.data)
    SystemCoreClock                          0x20000038   Data           4  system_stm32f10x.o(.data)
    AHBPrescTable                            0x2000003c   Data          16  system_stm32f10x.o(.data)
    Uart2_Buf                                0x2000004c   Data         200  main.o(.bss)
    Usart1_R_Buff                            0x20000114   Data         200  usart.o(.bss)
    recei_data                               0x200001dc   Data         255  usart.o(.bss)
    usart_ucaRxBuf                           0x200002db   Data         256  usart.o(.bss)
    __initial_sp                             0x200007e0   Data           0  startup_stm32f10x_md.o(STACK)



==============================================================================

Memory Map of the image

  Image Entry point : 0x080000ed

  Load Region LR_IROM1 (Base: 0x08000000, Size: 0x00001484, Max: 0x00010000, ABSOLUTE)

    Execution Region ER_IROM1 (Base: 0x08000000, Size: 0x00001438, Max: 0x00010000, ABSOLUTE)

    Base Addr    Size         Type   Attr      Idx    E Section Name        Object

    0x08000000   0x000000ec   Data   RO         1280    RESET               startup_stm32f10x_md.o
    0x080000ec   0x00000000   Code   RO         1285  * .ARM.Collect$$$$00000000  mc_w.l(entry.o)
    0x080000ec   0x00000004   Code   RO         1294    .ARM.Collect$$$$00000001  mc_w.l(entry2.o)
    0x080000f0   0x00000004   Code   RO         1297    .ARM.Collect$$$$00000004  mc_w.l(entry5.o)
    0x080000f4   0x00000000   Code   RO         1299    .ARM.Collect$$$$00000008  mc_w.l(entry7b.o)
    0x080000f4   0x00000000   Code   RO         1301    .ARM.Collect$$$$0000000A  mc_w.l(entry8b.o)
    0x080000f4   0x00000008   Code   RO         1302    .ARM.Collect$$$$0000000B  mc_w.l(entry9a.o)
    0x080000fc   0x00000000   Code   RO         1304    .ARM.Collect$$$$0000000D  mc_w.l(entry10a.o)
    0x080000fc   0x00000000   Code   RO         1306    .ARM.Collect$$$$0000000F  mc_w.l(entry11a.o)
    0x080000fc   0x00000004   Code   RO         1295    .ARM.Collect$$$$00002712  mc_w.l(entry2.o)
    0x08000100   0x000001b0   Code   RO            1    .text               main.o
    0x080002b0   0x00000020   Code   RO           72    .text               stm32f10x_it.o
    0x080002d0   0x000002b0   Code   RO           87    .text               usart.o
    0x08000580   0x0000005c   Code   RO          131    .text               led.o
    0x080005dc   0x000000b0   Code   RO          185    .text               systick.o
    0x0800068c   0x0000005c   Code   RO          209    .text               timer.o
    0x080006e8   0x000002f8   Code   RO          222    .text               sim900a.o
    0x080009e0   0x00000070   Code   RO          240    .text               misc.o
    0x08000a50   0x0000011e   Code   RO          331    .text               stm32f10x_gpio.o
    0x08000b6e   0x00000002   PAD
    0x08000b70   0x0000013c   Code   RO          451    .text               stm32f10x_rcc.o
    0x08000cac   0x000002e0   Code   RO          608    .text               stm32f10x_tim.o
    0x08000f8c   0x00000260   Code   RO         1111    .text               stm32f10x_usart.o
    0x080011ec   0x00000140   Code   RO         1254    .text               system_stm32f10x.o
    0x0800132c   0x00000024   Code   RO         1281    .text               startup_stm32f10x_md.o
    0x08001350   0x00000024   Code   RO         1288    .text               mc_w.l(memseta.o)
    0x08001374   0x00000018   Code   RO         1290    .text               mc_w.l(strcat.o)
    0x0800138c   0x00000024   Code   RO         1292    .text               mc_w.l(strstr.o)
    0x080013b0   0x00000024   Code   RO         1308    .text               mc_w.l(init.o)
    0x080013d4   0x0000000e   Code   RO         1312    i.__scatterload_copy  mc_w.l(handlers.o)
    0x080013e2   0x00000002   Code   RO         1313    i.__scatterload_null  mc_w.l(handlers.o)
    0x080013e4   0x0000000e   Code   RO         1314    i.__scatterload_zeroinit  mc_w.l(handlers.o)
    0x080013f2   0x00000002   PAD
    0x080013f4   0x00000024   Data   RO          223    .conststring        sim900a.o
    0x08001418   0x00000020   Data   RO         1310    Region$$Table       anon$$obj.o


    Execution Region RW_IRAM1 (Base: 0x20000000, Size: 0x000007e0, Max: 0x00005000, ABSOLUTE)

    Base Addr    Size         Type   Attr      Idx    E Section Name        Object

    0x20000000   0x0000000c   Data   RW            3    .data               main.o
    0x2000000c   0x00000010   Data   RW           89    .data               usart.o
    0x2000001c   0x00000004   Data   RW          187    .data               systick.o
    0x20000020   0x00000004   Data   RW          224    .data               sim900a.o
    0x20000024   0x00000014   Data   RW          459    .data               stm32f10x_rcc.o
    0x20000038   0x00000014   Data   RW         1256    .data               system_stm32f10x.o
    0x2000004c   0x000000c8   Zero   RW            2    .bss                main.o
    0x20000114   0x000002c7   Zero   RW           88    .bss                usart.o
    0x200003db   0x00000005   PAD
    0x200003e0   0x00000400   Zero   RW         1278    STACK               startup_stm32f10x_md.o


==============================================================================

Image component sizes


      Code (inc. data)   RO Data    RW Data    ZI Data      Debug   Object Name

         0          0          0          0          0         32   core_cm3.o
        92          6          0          0          0        799   led.o
       432        156          0         12        200     253084   main.o
       112         12          0          0          0        916   misc.o
       760        282         36          4          0       2101   sim900a.o
        36          8        236          0       1024        800   startup_stm32f10x_md.o
       286          0          0          0          0       2252   stm32f10x_gpio.o
        32          0          0          0          0       1250   stm32f10x_it.o
       316         20          0         20          0       3988   stm32f10x_rcc.o
       736         42          0          0          0       3734   stm32f10x_tim.o
       608         20          0          0          0       4386   stm32f10x_usart.o
       320         20          0         20          0       1465   system_stm32f10x.o
       176         18          0          4          0      16280   systick.o
        92          0          0          0          0        545   timer.o
       688         46          0         16        711       3024   usart.o

    ----------------------------------------------------------------------
      4688        630        304         76       1940     294656   Object Totals
         0          0         32          0          0          0   (incl. Generated)
         2          0          0          0          5          0   (incl. Padding)

    ----------------------------------------------------------------------

      Code (inc. data)   RO Data    RW Data    ZI Data      Debug   Library Member Name

         0          0          0          0          0          0   entry.o
         0          0          0          0          0          0   entry10a.o
         0          0          0          0          0          0   entry11a.o
         8          4          0          0          0          0   entry2.o
         4          0          0          0          0          0   entry5.o
         0          0          0          0          0          0   entry7b.o
         0          0          0          0          0          0   entry8b.o
         8          4          0          0          0          0   entry9a.o
        30          0          0          0          0          0   handlers.o
        36          8          0          0          0         68   init.o
        36          0          0          0          0        108   memseta.o
        24          0          0          0          0         68   strcat.o
        36          0          0          0          0         80   strstr.o

    ----------------------------------------------------------------------
       184         16          0          0          0        324   Library Totals
         2          0          0          0          0          0   (incl. Padding)

    ----------------------------------------------------------------------

      Code (inc. data)   RO Data    RW Data    ZI Data      Debug   Library Name

       182         16          0          0          0        324   mc_w.l

    ----------------------------------------------------------------------
       184         16          0          0          0        324   Library Totals

    ----------------------------------------------------------------------

==============================================================================


      Code (inc. data)   RO Data    RW Data    ZI Data      Debug   

      4872        646        304         76       1940     294144   Grand Totals
      4872        646        304         76       1940     294144   ELF Image Totals
      4872        646        304         76          0          0   ROM Totals

==============================================================================

    Total RO  Size (Code + RO Data)                 5176 (   5.05kB)
    Total RW  Size (RW Data + ZI Data)              2016 (   1.97kB)
    Total ROM Size (Code + RO Data + RW Data)       5252 (   5.13kB)

==============================================================================

